// Vitest Snapshot v1, https://vitest.dev/guide/snapshot.html

exports[`DailyDeal > generates the same deals as last build > 2023-01-01 1`] = `
[
  {
    "amount1": 2,
    "amount2": 3,
    "item1": "Heat Rock",
    "item2": "Iron Plate",
  },
  {
    "amount1": 2,
    "amount2": 1,
    "item1": "Oval Stone",
    "item2": "Flame Plate",
  },
  {
    "amount1": 2,
    "amount2": 1,
    "item1": "Icicle Plate",
    "item2": "Dome Fossil",
  },
  {
    "amount1": 1,
    "amount2": 2,
    "item1": "Sky Plate",
    "item2": "Thunder Stone",
  },
  {
    "amount1": 1,
    "amount2": 3,
    "item1": "Splash Plate",
    "item2": "Dusk Stone",
  },
  {
    "amount1": 2,
    "amount2": 3,
    "item1": "Odd Keystone",
    "item2": "Purple Shard",
  },
  {
    "amount1": 1,
    "amount2": 1,
    "item1": "Dread Plate",
    "item2": "Mind Plate",
  },
  {
    "amount1": 1,
    "amount2": 2,
    "item1": "Revive",
    "item2": "Flame Plate",
  },
  {
    "amount1": 1,
    "amount2": 1,
    "item1": "Insect Plate",
    "item2": "Cyan Shard",
  },
  {
    "amount1": 1,
    "amount2": 3,
    "item1": "Fossilized Dino",
    "item2": "Fossilized Drake",
  },
]
`;

exports[`DailyDeal > generates the same deals as last build > 2023-05-01 1`] = `
[
  {
    "amount1": 2,
    "amount2": 3,
    "item1": "Hard Stone",
    "item2": "Skull Fossil",
  },
  {
    "amount1": 2,
    "amount2": 3,
    "item1": "Fist Plate",
    "item2": "Purple Shard",
  },
  {
    "amount1": 2,
    "amount2": 3,
    "item1": "Fossilized Drake",
    "item2": "Heart Scale",
  },
  {
    "amount1": 1,
    "amount2": 1,
    "item1": "Rare Bone",
    "item2": "Flame Plate",
  },
  {
    "amount1": 2,
    "amount2": 1,
    "item1": "Earth Plate",
    "item2": "Pink Shard",
  },
  {
    "amount1": 2,
    "amount2": 2,
    "item1": "Meadow Plate",
    "item2": "Skull Fossil",
  },
  {
    "amount1": 2,
    "amount2": 3,
    "item1": "Fossilized Drake",
    "item2": "Iron Plate",
  },
  {
    "amount1": 1,
    "amount2": 1,
    "item1": "Star Piece",
    "item2": "Stone Plate",
  },
  {
    "amount1": 2,
    "amount2": 1,
    "item1": "Oval Stone",
    "item2": "Star Piece",
  },
  {
    "amount1": 1,
    "amount2": 3,
    "item1": "Sail Fossil",
    "item2": "Damp Rock",
  },
]
`;

exports[`DailyDeal > generates the same deals as last build > 2023-09-01 1`] = `
[
  {
    "amount1": 3,
    "amount2": 3,
    "item1": "Everstone",
    "item2": "Skull Fossil",
  },
  {
    "amount1": 2,
    "amount2": 2,
    "item1": "Hard Stone",
    "item2": "Green Shard",
  },
  {
    "amount1": 2,
    "amount2": 3,
    "item1": "Earth Plate",
    "item2": "Dread Plate",
  },
  {
    "amount1": 3,
    "amount2": 3,
    "item1": "Fossilized Fish",
    "item2": "Dusk Stone",
  },
  {
    "amount1": 2,
    "amount2": 3,
    "item1": "Sky Plate",
    "item2": "Fossilized Fish",
  },
  {
    "amount1": 3,
    "amount2": 1,
    "item1": "Insect Plate",
    "item2": "Fossilized Drake",
  },
  {
    "amount1": 3,
    "amount2": 1,
    "item1": "Sail Fossil",
    "item2": "Sky Plate",
  },
  {
    "amount1": 2,
    "amount2": 1,
    "item1": "Mind Plate",
    "item2": "Hard Stone",
  },
  {
    "amount1": 3,
    "amount2": 3,
    "item1": "Armor Fossil",
    "item2": "Dusk Stone",
  },
  {
    "amount1": 1,
    "amount2": 1,
    "item1": "Zap Plate",
    "item2": "Oval Stone",
  },
]
`;
