// Vitest Snapshot v1, https://vitest.dev/guide/snapshot.html

exports[`DailyDeal > generates the same deals as last build > 2023-01-01 1`] = `
[
  {
    "amount1": 1,
    "amount2": 1,
    "item1": "Max Revive",
    "item2": "Fossilized Dino",
  },
  {
    "amount1": 1,
    "amount2": 1,
    "item1": "Iron Ball",
    "item2": "Armor Fossil",
  },
  {
    "amount1": 1,
    "amount2": 3,
    "item1": "Splash Plate",
    "item2": "Green Shard",
  },
  {
    "amount1": 1,
    "amount2": 1,
    "item1": "Heat Rock",
    "item2": "Slate Shard",
  },
  {
    "amount1": 1,
    "amount2": 3,
    "item1": "Odd Keystone",
    "item2": "Brown Shard",
  },
  {
    "amount1": 1,
    "amount2": 3,
    "item1": "Meadow Plate",
    "item2": "Purple Shard",
  },
  {
    "amount1": 1,
    "amount2": 1,
    "item1": "Dread Plate",
    "item2": "Claw Fossil",
  },
  {
    "amount1": 1,
    "amount2": 1,
    "item1": "Plume Fossil",
    "item2": "Icy Rock",
  },
  {
    "amount1": 1,
    "amount2": 1,
    "item1": "Flame Plate",
    "item2": "Plume Fossil",
  },
  {
    "amount1": 1,
    "amount2": 1,
    "item1": "Zap Plate",
    "item2": "Fossilized Fish",
  },
]
`;

exports[`DailyDeal > generates the same deals as last build > 2023-05-01 1`] = `
[
  {
    "amount1": 1,
    "amount2": 1,
    "item1": "Fossilized Bird",
    "item2": "Max Revive",
  },
  {
    "amount1": 1,
    "amount2": 1,
    "item1": "Odd Keystone",
    "item2": "Hard Stone",
  },
  {
    "amount1": 1,
    "amount2": 1,
    "item1": "Icy Rock",
    "item2": "Ice Stone",
  },
  {
    "amount1": 1,
    "amount2": 3,
    "item1": "Icicle Plate",
    "item2": "Cyan Shard",
  },
  {
    "amount1": 1,
    "amount2": 1,
    "item1": "Mind Plate",
    "item2": "Spooky Plate",
  },
  {
    "amount1": 1,
    "amount2": 1,
    "item1": "Star Piece",
    "item2": "Fossilized Dino",
  },
  {
    "amount1": 1,
    "amount2": 1,
    "item1": "Skull Fossil",
    "item2": "Purple Shard",
  },
  {
    "amount1": 1,
    "amount2": 1,
    "item1": "Light Clay",
    "item2": "Rare Bone",
  },
  {
    "amount1": 1,
    "amount2": 1,
    "item1": "Odd Keystone",
    "item2": "Draco Plate",
  },
  {
    "amount1": 1,
    "amount2": 1,
    "item1": "Draco Plate",
    "item2": "Fossilized Fish",
  },
]
`;

exports[`DailyDeal > generates the same deals as last build > 2023-09-01 1`] = `
[
  {
    "amount1": 1,
    "amount2": 1,
    "item1": "Root Fossil",
    "item2": "Earth Plate",
  },
  {
    "amount1": 1,
    "amount2": 1,
    "item1": "Light Clay",
    "item2": "Blank Plate",
  },
  {
    "amount1": 1,
    "amount2": 1,
    "item1": "Dome Fossil",
    "item2": "Stone Plate",
  },
  {
    "amount1": 1,
    "amount2": 1,
    "item1": "Draco Plate",
    "item2": "Damp Rock",
  },
  {
    "amount1": 1,
    "amount2": 1,
    "item1": "Sky Plate",
    "item2": "Peat Block",
  },
  {
    "amount1": 1,
    "amount2": 1,
    "item1": "Light Clay",
    "item2": "Old Amber",
  },
  {
    "amount1": 1,
    "amount2": 3,
    "item1": "Rare Bone",
    "item2": "Crimson Shard",
  },
  {
    "amount1": 1,
    "amount2": 1,
    "item1": "Meadow Plate",
    "item2": "Hard Stone",
  },
  {
    "amount1": 1,
    "amount2": 1,
    "item1": "Cover Fossil",
    "item2": "Sail Fossil",
  },
  {
    "amount1": 1,
    "amount2": 1,
    "item1": "Toxic Plate",
    "item2": "Thunder Stone",
  },
]
`;
